// Jest Snapshot v1, https://goo.gl/fbAQLP

exports[`snapshot 1`] = `
<div
  className="componentWrapper"
>
  <div
    className="bg-orange-100 backgroundWrapper"
  >
    <img
      alt="Icon"
      className="backgroundImage"
      data-nimg="1"
      decoding="async"
      height={25}
      loading="lazy"
      onError={[Function]}
      onLoad={[Function]}
      sizes="100%"
      src="/_next/image?url=%2Fimg.jpg&w=3840&q=75"
      srcSet="/_next/image?url=%2Fimg.jpg&w=16&q=75 16w, /_next/image?url=%2Fimg.jpg&w=32&q=75 32w, /_next/image?url=%2Fimg.jpg&w=48&q=75 48w, /_next/image?url=%2Fimg.jpg&w=64&q=75 64w, /_next/image?url=%2Fimg.jpg&w=96&q=75 96w, /_next/image?url=%2Fimg.jpg&w=128&q=75 128w, /_next/image?url=%2Fimg.jpg&w=256&q=75 256w, /_next/image?url=%2Fimg.jpg&w=384&q=75 384w, /_next/image?url=%2Fimg.jpg&w=640&q=75 640w, /_next/image?url=%2Fimg.jpg&w=750&q=75 750w, /_next/image?url=%2Fimg.jpg&w=828&q=75 828w, /_next/image?url=%2Fimg.jpg&w=1080&q=75 1080w, /_next/image?url=%2Fimg.jpg&w=1200&q=75 1200w, /_next/image?url=%2Fimg.jpg&w=1920&q=75 1920w, /_next/image?url=%2Fimg.jpg&w=2048&q=75 2048w, /_next/image?url=%2Fimg.jpg&w=3840&q=75 3840w"
      style={
        {
          "color": "transparent",
        }
      }
      width={70}
    />
  </div>
  <div
    className="cardWrapper"
  >
    <div
      className="cardTopWrapper"
    >
      <p
        className="cardHeader"
      >
        Work
      </p>
      <div
        className="cardHeader"
      >
        <img
          alt="Pattern"
          className="cardImage"
          data-nimg="1"
          decoding="async"
          height={5}
          loading="lazy"
          onError={[Function]}
          onLoad={[Function]}
          sizes="100%"
          src="/_next/image?url=%2Fimg.jpg&w=3840&q=75"
          srcSet="/_next/image?url=%2Fimg.jpg&w=16&q=75 16w, /_next/image?url=%2Fimg.jpg&w=32&q=75 32w, /_next/image?url=%2Fimg.jpg&w=48&q=75 48w, /_next/image?url=%2Fimg.jpg&w=64&q=75 64w, /_next/image?url=%2Fimg.jpg&w=96&q=75 96w, /_next/image?url=%2Fimg.jpg&w=128&q=75 128w, /_next/image?url=%2Fimg.jpg&w=256&q=75 256w, /_next/image?url=%2Fimg.jpg&w=384&q=75 384w, /_next/image?url=%2Fimg.jpg&w=640&q=75 640w, /_next/image?url=%2Fimg.jpg&w=750&q=75 750w, /_next/image?url=%2Fimg.jpg&w=828&q=75 828w, /_next/image?url=%2Fimg.jpg&w=1080&q=75 1080w, /_next/image?url=%2Fimg.jpg&w=1200&q=75 1200w, /_next/image?url=%2Fimg.jpg&w=1920&q=75 1920w, /_next/image?url=%2Fimg.jpg&w=2048&q=75 2048w, /_next/image?url=%2Fimg.jpg&w=3840&q=75 3840w"
          style={
            {
              "color": "transparent",
            }
          }
          width={16}
        />
      </div>
    </div>
    <div
      className="footerWrapper"
    >
      <p
        className="hourHeading"
      >
        12
        hrs
      </p>
      <p
        className="hourSubtitle"
      >
        Yesterday
         - 
        8
        hrs
      </p>
    </div>
  </div>
</div>
`;
